"This PR was generated via `$ upgrade-provider --kind bridge`.\n\n---\n\n\n\nSome extra description here with links to pulumi/repo#123\n\n"
