"This PR was generated via `$ upgrade-provider --kind bridge`.\n\n---\n\n- Upgrading pulumi-terraform-bridge from v1.2.2 to v1.2.3.\n"
